node.exe : npm warn Unknown project config "strict-peer-dependencies". This 
will stop working in the next major version of npm.
At C:\Program Files\nodejs\npm.ps1:29 char:3
+   & $NODE_EXE $NPM_CLI_JS $args
+   ~~~~~~~~~~~~~~~~~~~~~~~~~~~~~
    + CategoryInfo          : NotSpecified: (npm warn Unknow...version of npm. 
   :String) [], RemoteException
    + FullyQualifiedErrorId : NativeCommandError
 
npm warn Unknown project config "auto-install-peers". This will stop working 
in the next major version of npm.

> workops@1.0.0 test
> turbo run test

ΓÇó turbo 2.8.17
ΓÇó Packages in scope: @workops/api, @workops/web
ΓÇó Running test in 2 packages
ΓÇó Remote caching disabled
@workops/api:test: cache miss, executing 8f03cf2078f255de
@workops/api:test: 
@workops/api:test: > @workops/api@0.0.1 test C:\Users\Admin\OneDrive\Desktop\UMS\intern_2026\apps\api
@workops/api:test: > jest
@workops/api:test: 
@workops/api:test: ts-jest[ts-jest-transformer] (WARN) Define `ts-jest` config under `globals` is deprecated. Please do
@workops/api:test: transform: {
@workops/api:test:     <transform_regex>: ['ts-jest', { /* ts-jest config goes here in Jest */ }],
@workops/api:test: },
@workops/api:test: See more at https://kulshekhar.github.io/ts-jest/docs/getting-started/presets#advanced
@workops/api:test: ts-jest[ts-jest-transformer] (WARN) Define `ts-jest` config under `globals` is deprecated. Please do
@workops/api:test: transform: {
@workops/api:test:     <transform_regex>: ['ts-jest', { /* ts-jest config goes here in Jest */ }],
@workops/api:test: },
@workops/api:test: See more at https://kulshekhar.github.io/ts-jest/docs/getting-started/presets#advanced
@workops/api:test: ts-jest[ts-jest-transformer] (WARN) Define `ts-jest` config under `globals` is deprecated. Please do
@workops/api:test: transform: {
@workops/api:test:     <transform_regex>: ['ts-jest', { /* ts-jest config goes here in Jest */ }],
@workops/api:test: },
@workops/api:test: See more at https://kulshekhar.github.io/ts-jest/docs/getting-started/presets#advanced
@workops/api:test: ts-jest[ts-jest-transformer] (WARN) Define `ts-jest` config under `globals` is deprecated. Please do
@workops/api:test: transform: {
@workops/api:test:     <transform_regex>: ['ts-jest', { /* ts-jest config goes here in Jest */ }],
@workops/api:test: },
@workops/api:test: See more at https://kulshekhar.github.io/ts-jest/docs/getting-started/presets#advanced
@workops/api:test: ts-jest[ts-jest-transformer] (WARN) Define `ts-jest` config under `globals` is deprecated. Please do
@workops/api:test: transform: {
@workops/api:test:     <transform_regex>: ['ts-jest', { /* ts-jest config goes here in Jest */ }],
@workops/api:test: },
@workops/api:test: See more at https://kulshekhar.github.io/ts-jest/docs/getting-started/presets#advanced
@workops/api:test: ts-jest[ts-jest-transformer] (WARN) Define `ts-jest` config under `globals` is deprecated. Please do
@workops/api:test: transform: {
@workops/api:test:     <transform_regex>: ['ts-jest', { /* ts-jest config goes here in Jest */ }],
@workops/api:test: },
@workops/api:test: See more at https://kulshekhar.github.io/ts-jest/docs/getting-started/presets#advanced
@workops/api:test: ts-jest[ts-jest-transformer] (WARN) Define `ts-jest` config under `globals` is deprecated. Please do
@workops/api:test: transform: {
@workops/api:test:     <transform_regex>: ['ts-jest', { /* ts-jest config goes here in Jest */ }],
@workops/api:test: },
@workops/api:test: See more at https://kulshekhar.github.io/ts-jest/docs/getting-started/presets#advanced
@workops/api:test: PASS src/app.service.spec.ts (5.019 s)
@workops/api:test: FAIL src/auth/crypto.service.spec.ts (5.651 s)
@workops/api:test:   ΓùÅ CryptoService ΓÇ║ signChallenge ΓÇ║ should sign a challenge string
@workops/api:test: 
@workops/api:test:     TypeError: (0 , user_1.signChallenge) is not a function
@workops/api:test: 
@workops/api:test:     [0m [90m 20 |[39m
@workops/api:test:      [90m 21 |[39m   signChallenge(challenge[33m:[39m string)[33m:[39m string {
@workops/api:test:     [31m[1m>[22m[39m[90m 22 |[39m     [36mreturn[39m signChallenge(challenge[33m,[39m [36mthis[39m[33m.[39mprivateKeyHex)[33m;[39m
@workops/api:test:      [90m    |[39m                         [31m[1m^[22m[39m
@workops/api:test:      [90m 23 |[39m   }
@workops/api:test:      [90m 24 |[39m
@workops/api:test:      [90m 25 |[39m   verifyJwt([0m
@workops/api:test: 
@workops/api:test:       at CryptoService.signChallenge (auth/crypto.service.ts:22:25)
@workops/api:test:       at Object.<anonymous> (auth/crypto.service.spec.ts:45:30)
@workops/api:test: 
@workops/api:test:   ΓùÅ CryptoService ΓÇ║ signChallenge ΓÇ║ should return different signatures for different challenges
@workops/api:test: 
@workops/api:test:     TypeError: (0 , user_1.signChallenge) is not a function
@workops/api:test: 
@workops/api:test:     [0m [90m 20 |[39m
@workops/api:test:      [90m 21 |[39m   signChallenge(challenge[33m:[39m string)[33m:[39m string {
@workops/api:test:     [31m[1m>[22m[39m[90m 22 |[39m     [36mreturn[39m signChallenge(challenge[33m,[39m [36mthis[39m[33m.[39mprivateKeyHex)[33m;[39m
@workops/api:test:      [90m    |[39m                         [31m[1m^[22m[39m
@workops/api:test:      [90m 23 |[39m   }
@workops/api:test:      [90m 24 |[39m
@workops/api:test:      [90m 25 |[39m   verifyJwt([0m
@workops/api:test: 
@workops/api:test:       at CryptoService.signChallenge (auth/crypto.service.ts:22:25)
@workops/api:test:       at Object.<anonymous> (auth/crypto.service.spec.ts:55:31)
@workops/api:test: 
@workops/api:test:   ΓùÅ CryptoService ΓÇ║ signChallenge ΓÇ║ should handle empty challenge string
@workops/api:test: 
@workops/api:test:     TypeError: (0 , user_1.signChallenge) is not a function
@workops/api:test: 
@workops/api:test:     [0m [90m 20 |[39m
@workops/api:test:      [90m 21 |[39m   signChallenge(challenge[33m:[39m string)[33m:[39m string {
@workops/api:test:     [31m[1m>[22m[39m[90m 22 |[39m     [36mreturn[39m signChallenge(challenge[33m,[39m [36mthis[39m[33m.[39mprivateKeyHex)[33m;[39m
@workops/api:test:      [90m    |[39m                         [31m[1m^[22m[39m
@workops/api:test:      [90m 23 |[39m   }
@workops/api:test:      [90m 24 |[39m
@workops/api:test:      [90m 25 |[39m   verifyJwt([0m
@workops/api:test: 
@workops/api:test:       at CryptoService.signChallenge (auth/crypto.service.ts:22:25)
@workops/api:test:       at Object.<anonymous> (auth/crypto.service.spec.ts:64:30)
@workops/api:test: 
@workops/api:test:   ΓùÅ CryptoService ΓÇ║ signChallenge ΓÇ║ should consistently sign the same challenge
@workops/api:test: 
@workops/api:test:     TypeError: (0 , user_1.signChallenge) is not a function
@workops/api:test: 
@workops/api:test:     [0m [90m 20 |[39m
@workops/api:test:      [90m 21 |[39m   signChallenge(challenge[33m:[39m string)[33m:[39m string {
@workops/api:test:     [31m[1m>[22m[39m[90m 22 |[39m     [36mreturn[39m signChallenge(challenge[33m,[39m [36mthis[39m[33m.[39mprivateKeyHex)[33m;[39m
@workops/api:test:      [90m    |[39m                         [31m[1m^[22m[39m
@workops/api:test:      [90m 23 |[39m   }
@workops/api:test:      [90m 24 |[39m
@workops/api:test:      [90m 25 |[39m   verifyJwt([0m
@workops/api:test: 
@workops/api:test:       at CryptoService.signChallenge (auth/crypto.service.ts:22:25)
@workops/api:test:       at Object.<anonymous> (auth/crypto.service.spec.ts:72:31)
@workops/api:test: 
@workops/api:test:   ΓùÅ CryptoService ΓÇ║ signChallenge ΓÇ║ should handle hex string challenge
@workops/api:test: 
@workops/api:test:     TypeError: (0 , user_1.signChallenge) is not a function
@workops/api:test: 
@workops/api:test:     [0m [90m 20 |[39m
@workops/api:test:      [90m 21 |[39m   signChallenge(challenge[33m:[39m string)[33m:[39m string {
@workops/api:test:     [31m[1m>[22m[39m[90m 22 |[39m     [36mreturn[39m signChallenge(challenge[33m,[39m [36mthis[39m[33m.[39mprivateKeyHex)[33m;[39m
@workops/api:test:      [90m    |[39m                         [31m[1m^[22m[39m
@workops/api:test:      [90m 23 |[39m   }
@workops/api:test:      [90m 24 |[39m
@workops/api:test:      [90m 25 |[39m   verifyJwt([0m
@workops/api:test: 
@workops/api:test:       at CryptoService.signChallenge (auth/crypto.service.ts:22:25)
@workops/api:test:       at Object.<anonymous> (auth/crypto.service.spec.ts:81:30)
@workops/api:test: 
@workops/api:test:   ΓùÅ CryptoService ΓÇ║ verifyJwt ΓÇ║ should verify JWT and return result
@workops/api:test: 
@workops/api:test:     TypeError: (0 , user_1.verifyJwt) is not a function
@workops/api:test: 
@workops/api:test:     [0m [90m 27 |[39m     publicKeyHex[33m:[39m string[33m,[39m
@workops/api:test:      [90m 28 |[39m   )[33m:[39m [33mPromise[39m[33m<[39m{ valid[33m:[39m boolean[33m;[39m payload[33m?[39m[33m:[39m [33mJwtPayload[39m }[33m>[39m {
@workops/api:test:     [31m[1m>[22m[39m[90m 29 |[39m     [36mreturn[39m verifyJwt(token[33m,[39m publicKeyHex)[33m;[39m
@workops/api:test:      [90m    |[39m                     [31m[1m^[22m[39m
@workops/api:test:      [90m 30 |[39m   }
@workops/api:test:      [90m 31 |[39m
@workops/api:test:      [90m 32 |[39m   [36mprivate[39m hexToBytes(hex[33m:[39m string)[33m:[39m [33mUint8Array[39m {[0m
@workops/api:test: 
@workops/api:test:       at CryptoService.verifyJwt (auth/crypto.service.ts:29:21)
@workops/api:test:       at Object.<anonymous> (auth/crypto.service.spec.ts:93:36)
@workops/api:test: 
@workops/api:test:   ΓùÅ CryptoService ΓÇ║ verifyJwt ΓÇ║ should return object with valid property
@workops/api:test: 
@workops/api:test:     TypeError: (0 , user_1.verifyJwt) is not a function
@workops/api:test: 
@workops/api:test:     [0m [90m 27 |[39m     publicKeyHex[33m:[39m string[33m,[39m
@workops/api:test:      [90m 28 |[39m   )[33m:[39m [33mPromise[39m[33m<[39m{ valid[33m:[39m boolean[33m;[39m payload[33m?[39m[33m:[39m [33mJwtPayload[39m }[33m>[39m {
@workops/api:test:     [31m[1m>[22m[39m[90m 29 |[39m     [36mreturn[39m verifyJwt(token[33m,[39m publicKeyHex)[33m;[39m
@workops/api:test:      [90m    |[39m                     [31m[1m^[22m[39m
@workops/api:test:      [90m 30 |[39m   }
@workops/api:test:      [90m 31 |[39m
@workops/api:test:      [90m 32 |[39m   [36mprivate[39m hexToBytes(hex[33m:[39m string)[33m:[39m [33mUint8Array[39m {[0m
@workops/api:test: 
@workops/api:test:       at CryptoService.verifyJwt (auth/crypto.service.ts:29:21)
@workops/api:test:       at Object.<anonymous> (auth/crypto.service.spec.ts:103:36)
@workops/api:test: 
@workops/api:test:   ΓùÅ CryptoService ΓÇ║ verifyJwt ΓÇ║ should be an async operation
@workops/api:test: 
@workops/api:test:     TypeError: (0 , user_1.verifyJwt) is not a function
@workops/api:test: 
@workops/api:test:     [0m [90m 27 |[39m     publicKeyHex[33m:[39m string[33m,[39m
@workops/api:test:      [90m 28 |[39m   )[33m:[39m [33mPromise[39m[33m<[39m{ valid[33m:[39m boolean[33m;[39m payload[33m?[39m[33m:[39m [33mJwtPayload[39m }[33m>[39m {
@workops/api:test:     [31m[1m>[22m[39m[90m 29 |[39m     [36mreturn[39m verifyJwt(token[33m,[39m publicKeyHex)[33m;[39m
@workops/api:test:      [90m    |[39m                     [31m[1m^[22m[39m
@workops/api:test:      [90m 30 |[39m   }
@workops/api:test:      [90m 31 |[39m
@workops/api:test:      [90m 32 |[39m   [36mprivate[39m hexToBytes(hex[33m:[39m string)[33m:[39m [33mUint8Array[39m {[0m
@workops/api:test: 
@workops/api:test:       at CryptoService.verifyJwt (auth/crypto.service.ts:29:21)
@workops/api:test:       at Object.<anonymous> (auth/crypto.service.spec.ts:112:37)
@workops/api:test: 
@workops/api:test:   ΓùÅ CryptoService ΓÇ║ verifyJwt ΓÇ║ should handle different tokens
@workops/api:test: 
@workops/api:test:     TypeError: (0 , user_1.verifyJwt) is not a function
@workops/api:test: 
@workops/api:test:     [0m [90m 27 |[39m     publicKeyHex[33m:[39m string[33m,[39m
@workops/api:test:      [90m 28 |[39m   )[33m:[39m [33mPromise[39m[33m<[39m{ valid[33m:[39m boolean[33m;[39m payload[33m?[39m[33m:[39m [33mJwtPayload[39m }[33m>[39m {
@workops/api:test:     [31m[1m>[22m[39m[90m 29 |[39m     [36mreturn[39m verifyJwt(token[33m,[39m publicKeyHex)[33m;[39m
@workops/api:test:      [90m    |[39m                     [31m[1m^[22m[39m
@workops/api:test:      [90m 30 |[39m   }
@workops/api:test:      [90m 31 |[39m
@workops/api:test:      [90m 32 |[39m   [36mprivate[39m hexToBytes(hex[33m:[39m string)[33m:[39m [33mUint8Array[39m {[0m
@workops/api:test: 
@workops/api:test:       at CryptoService.verifyJwt (auth/crypto.service.ts:29:21)
@workops/api:test:       at Object.<anonymous> (auth/crypto.service.spec.ts:125:37)
@workops/api:test: 
@workops/api:test:   ΓùÅ CryptoService ΓÇ║ verifyJwt ΓÇ║ should handle empty token string
@workops/api:test: 
@workops/api:test:     TypeError: (0 , user_1.verifyJwt) is not a function
@workops/api:test: 
@workops/api:test:     [0m [90m 27 |[39m     publicKeyHex[33m:[39m string[33m,[39m
@workops/api:test:      [90m 28 |[39m   )[33m:[39m [33mPromise[39m[33m<[39m{ valid[33m:[39m boolean[33m;[39m payload[33m?[39m[33m:[39m [33mJwtPayload[39m }[33m>[39m {
@workops/api:test:     [31m[1m>[22m[39m[90m 29 |[39m     [36mreturn[39m verifyJwt(token[33m,[39m publicKeyHex)[33m;[39m
@workops/api:test:      [90m    |[39m                     [31m[1m^[22m[39m
@workops/api:test:      [90m 30 |[39m   }
@workops/api:test:      [90m 31 |[39m
@workops/api:test:      [90m 32 |[39m   [36mprivate[39m hexToBytes(hex[33m:[39m string)[33m:[39m [33mUint8Array[39m {[0m
@workops/api:test: 
@workops/api:test:       at CryptoService.verifyJwt (auth/crypto.service.ts:29:21)
@workops/api:test:       at Object.<anonymous> (auth/crypto.service.spec.ts:136:36)
@workops/api:test: 
@workops/api:test: [31m[Nest] 10716  - [39m03/30/2026, 5:41:54 PM [31m  ERROR[39m [38;5;3m[SlackService] [39m[31mSLACK_HOOK_URL is missing in environment variables[39m
@workops/api:test: [31m[Nest] 10716  - [39m03/30/2026, 5:41:54 PM [31m  ERROR[39m [38;5;3m[SlackService] [39m[31mFailed to send Lunch Summary to Slack[39m
@workops/api:test: Network error
@workops/api:test: PASS src/slack/slack.service.spec.ts (6.278 s)
@workops/api:test: [31m[Nest] 11628  - [39m03/30/2026, 5:41:55 PM [31m  ERROR[39m [38;5;3m[SlackCronService] [39m[31m Error sending daily lunch summary to Slack[39m
@workops/api:test: [31m[Nest] 23340  - [39m03/30/2026, 5:41:55 PM [31m  ERROR[39m [38;5;3m[NotificationService] [39m[31mFailed to create notification for user user-1[39m
@workops/api:test: [31m[Nest] 11628  - [39m03/30/2026, 5:41:55 PM [31m  ERROR[39m [38;5;3m[SlackCronService] [39mError: Database error
@workops/api:test:     at Object.<anonymous> [90m(C:\Users\Admin\OneDrive\Desktop\UMS\intern_2026\apps\api\[39msrc\cron\slack-cron.service.spec.ts:199:21[90m)[39m
@workops/api:test:     at Promise.finally.completed (C:\Users\Admin\OneDrive\Desktop\UMS\intern_2026\node_modules\[4m.pnpm[24m\jest-circus@30.3.0\node_modules\[4mjest-circus[24m\build\jestAdapterInit.js:1557:28)
@workops/api:test:     at new Promise (<anonymous>)
@workops/api:test:     at callAsyncCircusFn (C:\Users\Admin\OneDrive\Desktop\UMS\intern_2026\node_modules\[4m.pnpm[24m\jest-circus@30.3.0\node_modules\[4mjest-circus[24m\build\jestAdapterInit.js:1497:10)
@workops/api:test:     at _callCircusTest (C:\Users\Admin\OneDrive\Desktop\UMS\intern_2026\node_modules\[4m.pnpm[24m\jest-circus@30.3.0\node_modules\[4mjest-circus[24m\build\jestAdapterInit.js:1007:40)
@workops/api:test: [90m    at processTicksAndRejections (node:internal/process/task_queues:105:5)[39m
@workops/api:test:     at _runTest (C:\Users\Admin\OneDrive\Desktop\UMS\intern_2026\node_modules\[4m.pnpm[24m\jest-circus@30.3.0\node_modules\[4mjest-circus[24m\build\jestAdapterInit.js:947:3)
@workops/api:test:     at C:\Users\Admin\OneDrive\Desktop\UMS\intern_2026\node_modules\[4m.pnpm[24m\jest-circus@30.3.0\node_modules\[4mjest-circus[24m\build\jestAdapterInit.js:849:7
@workops/api:test:     at _runTestsForDescribeBlock (C:\Users\Admin\OneDrive\Desktop\UMS\intern_2026\node_modules\[4m.pnpm[24m\jest-circus@30.3.0\node_modules\[4mjest-circus[24m\build\jestAdapterInit.js:862:11)
@workops/api:test:     at _runTestsForDescribeBlock (C:\Users\Admin\OneDrive\Desktop\UMS\intern_2026\node_modules\[4m.pnpm[24m\jest-circus@30.3.0\node_modules\[4mjest-circus[24m\build\jestAdapterInit.js:857:11)
@workops/api:test:     at _runTestsForDescribeBlock (C:\Users\Admin\OneDrive\Desktop\UMS\intern_2026\node_modules\[4m.pnpm[24m\jest-circus@30.3.0\node_modules\[4mjest-circus[24m\build\jestAdapterInit.js:857:11)
@workops/api:test:     at run (C:\Users\Admin\OneDrive\Desktop\UMS\intern_2026\node_modules\[4m.pnpm[24m\jest-circus@30.3.0\node_modules\[4mjest-circus[24m\build\jestAdapterInit.js:761:3)
@workops/api:test:     at runAndTransformResultsToJestFormat (C:\Users\Admin\OneDrive\Desktop\UMS\intern_2026\node_modules\[4m.pnpm[24m\jest-circus@30.3.0\node_modules\[4mjest-circus[24m\build\jestAdapterInit.js:1918:21)
@workops/api:test:     at jestAdapter (C:\Users\Admin\OneDrive\Desktop\UMS\intern_2026\node_modules\[4m.pnpm[24m\jest-circus@30.3.0\node_modules\[4mjest-circus[24m\build\runner.js:101:19)
@workops/api:test:     at runTestInternal (C:\Users\Admin\OneDrive\Desktop\UMS\intern_2026\node_modules\[4m.pnpm[24m\jest-runner@30.3.0\node_modules\[4mjest-runner[24m\build\testWorker.js:275:16)
@workops/api:test:     at runTest (C:\Users\Admin\OneDrive\Desktop\UMS\intern_2026\node_modules\[4m.pnpm[24m\jest-runner@30.3.0\node_modules\[4mjest-runner[24m\build\testWorker.js:343:7)
@workops/api:test:     at Object.worker (C:\Users\Admin\OneDrive\Desktop\UMS\intern_2026\node_modules\[4m.pnpm[24m\jest-runner@30.3.0\node_modules\[4mjest-runner[24m\build\testWorker.js:497:12)
@workops/api:test: [31m[Nest] 11628  - [39m03/30/2026, 5:41:55 PM [31m  ERROR[39m [38;5;3m[SlackCronService] [39m[31m Error sending daily lunch summary to Slack[39m
@workops/api:test: [31m[Nest] 11628  - [39m03/30/2026, 5:41:55 PM [31m  ERROR[39m [38;5;3m[SlackCronService] [39mError: Slack API error
@workops/api:test:     at Object.<anonymous> [90m(C:\Users\Admin\OneDrive\Desktop\UMS\intern_2026\apps\api\[39msrc\cron\slack-cron.service.spec.ts:210:21[90m)[39m
@workops/api:test:     at Promise.finally.completed (C:\Users\Admin\OneDrive\Desktop\UMS\intern_2026\node_modules\[4m.pnpm[24m\jest-circus@30.3.0\node_modules\[4mjest-circus[24m\build\jestAdapterInit.js:1557:28)
@workops/api:test:     at new Promise (<anonymous>)
@workops/api:test:     at callAsyncCircusFn (C:\Users\Admin\OneDrive\Desktop\UMS\intern_2026\node_modules\[4m.pnpm[24m\jest-circus@30.3.0\node_modules\[4mjest-circus[24m\build\jestAdapterInit.js:1497:10)
@workops/api:test:     at _callCircusTest (C:\Users\Admin\OneDrive\Desktop\UMS\intern_2026\node_modules\[4m.pnpm[24m\jest-circus@30.3.0\node_modules\[4mjest-circus[24m\build\jestAdapterInit.js:1007:40)
@workops/api:test: [90m    at processTicksAndRejections (node:internal/process/task_queues:105:5)[39m
@workops/api:test:     at _runTest (C:\Users\Admin\OneDrive\Desktop\UMS\intern_2026\node_modules\[4m.pnpm[24m\jest-circus@30.3.0\node_modules\[4mjest-circus[24m\build\jestAdapterInit.js:947:3)
@workops/api:test:     at C:\Users\Admin\OneDrive\Desktop\UMS\intern_2026\node_modules\[4m.pnpm[24m\jest-circus@30.3.0\node_modules\[4mjest-circus[24m\build\jestAdapterInit.js:849:7
@workops/api:test:     at _runTestsForDescribeBlock (C:\Users\Admin\OneDrive\Desktop\UMS\intern_2026\node_modules\[4m.pnpm[24m\jest-circus@30.3.0\node_modules\[4mjest-circus[24m\build\jestAdapterInit.js:862:11)
@workops/api:test:     at _runTestsForDescribeBlock (C:\Users\Admin\OneDrive\Desktop\UMS\intern_2026\node_modules\[4m.pnpm[24m\jest-circus@30.3.0\node_modules\[4mjest-circus[24m\build\jestAdapterInit.js:857:11)
@workops/api:test:     at _runTestsForDescribeBlock (C:\Users\Admin\OneDrive\Desktop\UMS\intern_2026\node_modules\[4m.pnpm[24m\jest-circus@30.3.0\node_modules\[4mjest-circus[24m\build\jestAdapterInit.js:857:11)
@workops/api:test:     at run (C:\Users\Admin\OneDrive\Desktop\UMS\intern_2026\node_modules\[4m.pnpm[24m\jest-circus@30.3.0\node_modules\[4mjest-circus[24m\build\jestAdapterInit.js:761:3)
@workops/api:test:     at runAndTransformResultsToJestFormat (C:\Users\Admin\OneDrive\Desktop\UMS\intern_2026\node_modules\[4m.pnpm[24m\jest-circus@30.3.0\node_modules\[4mjest-circus[24m\build\jestAdapterInit.js:1918:21)
@workops/api:test:     at jestAdapter (C:\Users\Admin\OneDrive\Desktop\UMS\intern_2026\node_modules\[4m.pnpm[24m\jest-circus@30.3.0\node_modules\[4mjest-circus[24m\build\runner.js:101:19)
@workops/api:test:     at runTestInternal (C:\Users\Admin\OneDrive\Desktop\UMS\intern_2026\node_modules\[4m.pnpm[24m\jest-runner@30.3.0\node_modules\[4mjest-runner[24m\build\testWorker.js:275:16)
@workops/api:test:     at runTest (C:\Users\Admin\OneDrive\Desktop\UMS\intern_2026\node_modules\[4m.pnpm[24m\jest-runner@30.3.0\node_modules\[4mjest-runner[24m\build\testWorker.js:343:7)
@workops/api:test:     at Object.worker (C:\Users\Admin\OneDrive\Desktop\UMS\intern_2026\node_modules\[4m.pnpm[24m\jest-runner@30.3.0\node_modules\[4mjest-runner[24m\build\testWorker.js:497:12)
@workops/api:test: [31m[Nest] 23340  - [39m03/30/2026, 5:41:55 PM [31m  ERROR[39m [38;5;3m[NotificationService] [39mError: Database error
@workops/api:test:     at Object.<anonymous> [90m(C:\Users\Admin\OneDrive\Desktop\UMS\intern_2026\apps\api\[39msrc\notification\notification.service.spec.ts:154:21[90m)[39m
@workops/api:test:     at Promise.finally.completed (C:\Users\Admin\OneDrive\Desktop\UMS\intern_2026\node_modules\[4m.pnpm[24m\jest-circus@30.3.0\node_modules\[4mjest-circus[24m\build\jestAdapterInit.js:1557:28)
@workops/api:test:     at new Promise (<anonymous>)
@workops/api:test:     at callAsyncCircusFn (C:\Users\Admin\OneDrive\Desktop\UMS\intern_2026\node_modules\[4m.pnpm[24m\jest-circus@30.3.0\node_modules\[4mjest-circus[24m\build\jestAdapterInit.js:1497:10)
@workops/api:test:     at _callCircusTest (C:\Users\Admin\OneDrive\Desktop\UMS\intern_2026\node_modules\[4m.pnpm[24m\jest-circus@30.3.0\node_modules\[4mjest-circus[24m\build\jestAdapterInit.js:1007:40)
@workops/api:test: [90m    at processTicksAndRejections (node:internal/process/task_queues:105:5)[39m
@workops/api:test:     at _runTest (C:\Users\Admin\OneDrive\Desktop\UMS\intern_2026\node_modules\[4m.pnpm[24m\jest-circus@30.3.0\node_modules\[4mjest-circus[24m\build\jestAdapterInit.js:947:3)
@workops/api:test:     at C:\Users\Admin\OneDrive\Desktop\UMS\intern_2026\node_modules\[4m.pnpm[24m\jest-circus@30.3.0\node_modules\[4mjest-circus[24m\build\jestAdapterInit.js:849:7
@workops/api:test:     at _runTestsForDescribeBlock (C:\Users\Admin\OneDrive\Desktop\UMS\intern_2026\node_modules\[4m.pnpm[24m\jest-circus@30.3.0\node_modules\[4mjest-circus[24m\build\jestAdapterInit.js:862:11)
@workops/api:test:     at _runTestsForDescribeBlock (C:\Users\Admin\OneDrive\Desktop\UMS\intern_2026\node_modules\[4m.pnpm[24m\jest-circus@30.3.0\node_modules\[4mjest-circus[24m\build\jestAdapterInit.js:857:11)
@workops/api:test:     at _runTestsForDescribeBlock (C:\Users\Admin\OneDrive\Desktop\UMS\intern_2026\node_modules\[4m.pnpm[24m\jest-circus@30.3.0\node_modules\[4mjest-circus[24m\build\jestAdapterInit.js:857:11)
@workops/api:test:     at run (C:\Users\Admin\OneDrive\Desktop\UMS\intern_2026\node_modules\[4m.pnpm[24m\jest-circus@30.3.0\node_modules\[4mjest-circus[24m\build\jestAdapterInit.js:761:3)
@workops/api:test:     at runAndTransformResultsToJestFormat (C:\Users\Admin\OneDrive\Desktop\UMS\intern_2026\node_modules\[4m.pnpm[24m\jest-circus@30.3.0\node_modules\[4mjest-circus[24m\build\jestAdapterInit.js:1918:21)
@workops/api:test:     at jestAdapter (C:\Users\Admin\OneDrive\Desktop\UMS\intern_2026\node_modules\[4m.pnpm[24m\jest-circus@30.3.0\node_modules\[4mjest-circus[24m\build\runner.js:101:19)
@workops/api:test:     at runTestInternal (C:\Users\Admin\OneDrive\Desktop\UMS\intern_2026\node_modules\[4m.pnpm[24m\jest-runner@30.3.0\node_modules\[4mjest-runner[24m\build\testWorker.js:275:16)
@workops/api:test:     at runTest (C:\Users\Admin\OneDrive\Desktop\UMS\intern_2026\node_modules\[4m.pnpm[24m\jest-runner@30.3.0\node_modules\[4mjest-runner[24m\build\testWorker.js:343:7)
@workops/api:test:     at Object.worker (C:\Users\Admin\OneDrive\Desktop\UMS\intern_2026\node_modules\[4m.pnpm[24m\jest-runner@30.3.0\node_modules\[4mjest-runner[24m\build\testWorker.js:497:12)
@workops/api:test: [31m[Nest] 23340  - [39m03/30/2026, 5:41:55 PM [31m  ERROR[39m [38;5;3m[NotificationService] [39m[31mFailed to notify admins[39m
@workops/api:test: [31m[Nest] 23340  - [39m03/30/2026, 5:41:55 PM [31m  ERROR[39m [38;5;3m[NotificationService] [39mError: Database error
@workops/api:test:     at Object.<anonymous> [90m(C:\Users\Admin\OneDrive\Desktop\UMS\intern_2026\apps\api\[39msrc\notification\notification.service.spec.ts:252:21[90m)[39m
@workops/api:test:     at Promise.finally.completed (C:\Users\Admin\OneDrive\Desktop\UMS\intern_2026\node_modules\[4m.pnpm[24m\jest-circus@30.3.0\node_modules\[4mjest-circus[24m\build\jestAdapterInit.js:1557:28)
@workops/api:test:     at new Promise (<anonymous>)
@workops/api:test:     at callAsyncCircusFn (C:\Users\Admin\OneDrive\Desktop\UMS\intern_2026\node_modules\[4m.pnpm[24m\jest-circus@30.3.0\node_modules\[4mjest-circus[24m\build\jestAdapterInit.js:1497:10)
@workops/api:test:     at _callCircusTest (C:\Users\Admin\OneDrive\Desktop\UMS\intern_2026\node_modules\[4m.pnpm[24m\jest-circus@30.3.0\node_modules\[4mjest-circus[24m\build\jestAdapterInit.js:1007:40)
@workops/api:test: [90m    at processTicksAndRejections (node:internal/process/task_queues:105:5)[39m
@workops/api:test:     at _runTest (C:\Users\Admin\OneDrive\Desktop\UMS\intern_2026\node_modules\[4m.pnpm[24m\jest-circus@30.3.0\node_modules\[4mjest-circus[24m\build\jestAdapterInit.js:947:3)
@workops/api:test:     at C:\Users\Admin\OneDrive\Desktop\UMS\intern_2026\node_modules\[4m.pnpm[24m\jest-circus@30.3.0\node_modules\[4mjest-circus[24m\build\jestAdapterInit.js:849:7
@workops/api:test:     at _runTestsForDescribeBlock (C:\Users\Admin\OneDrive\Desktop\UMS\intern_2026\node_modules\[4m.pnpm[24m\jest-circus@30.3.0\node_modules\[4mjest-circus[24m\build\jestAdapterInit.js:862:11)
@workops/api:test:     at _runTestsForDescribeBlock (C:\Users\Admin\OneDrive\Desktop\UMS\intern_2026\node_modules\[4m.pnpm[24m\jest-circus@30.3.0\node_modules\[4mjest-circus[24m\build\jestAdapterInit.js:857:11)
@workops/api:test:     at _runTestsForDescribeBlock (C:\Users\Admin\OneDrive\Desktop\UMS\intern_2026\node_modules\[4m.pnpm[24m\jest-circus@30.3.0\node_modules\[4mjest-circus[24m\build\jestAdapterInit.js:857:11)
@workops/api:test:     at run (C:\Users\Admin\OneDrive\Desktop\UMS\intern_2026\node_modules\[4m.pnpm[24m\jest-circus@30.3.0\node_modules\[4mjest-circus[24m\build\jestAdapterInit.js:761:3)
@workops/api:test:     at runAndTransformResultsToJestFormat (C:\Users\Admin\OneDrive\Desktop\UMS\intern_2026\node_modules\[4m.pnpm[24m\jest-circus@30.3.0\node_modules\[4mjest-circus[24m\build\jestAdapterInit.js:1918:21)
@workops/api:test:     at jestAdapter (C:\Users\Admin\OneDrive\Desktop\UMS\intern_2026\node_modules\[4m.pnpm[24m\jest-circus@30.3.0\node_modules\[4mjest-circus[24m\build\runner.js:101:19)
@workops/api:test:     at runTestInternal (C:\Users\Admin\OneDrive\Desktop\UMS\intern_2026\node_modules\[4m.pnpm[24m\jest-runner@30.3.0\node_modules\[4mjest-runner[24m\build\testWorker.js:275:16)
@workops/api:test:     at runTest (C:\Users\Admin\OneDrive\Desktop\UMS\intern_2026\node_modules\[4m.pnpm[24m\jest-runner@30.3.0\node_modules\[4mjest-runner[24m\build\testWorker.js:343:7)
@workops/api:test:     at Object.worker (C:\Users\Admin\OneDrive\Desktop\UMS\intern_2026\node_modules\[4m.pnpm[24m\jest-runner@30.3.0\node_modules\[4mjest-runner[24m\build\testWorker.js:497:12)
@workops/api:test: [31m[Nest] 23340  - [39m03/30/2026, 5:41:55 PM [31m  ERROR[39m [38;5;3m[NotificationService] [39m[31mFailed to notify all users[39m
@workops/api:test: [31m[Nest] 23340  - [39m03/30/2026, 5:41:55 PM [31m  ERROR[39m [38;5;3m[NotificationService] [39mError: Database error
@workops/api:test:     at Object.<anonymous> [90m(C:\Users\Admin\OneDrive\Desktop\UMS\intern_2026\apps\api\[39msrc\notification\notification.service.spec.ts:357:21[90m)[39m
@workops/api:test:     at Promise.finally.completed (C:\Users\Admin\OneDrive\Desktop\UMS\intern_2026\node_modules\[4m.pnpm[24m\jest-circus@30.3.0\node_modules\[4mjest-circus[24m\build\jestAdapterInit.js:1557:28)
@workops/api:test:     at new Promise (<anonymous>)
@workops/api:test:     at callAsyncCircusFn (C:\Users\Admin\OneDrive\Desktop\UMS\intern_2026\node_modules\[4m.pnpm[24m\jest-circus@30.3.0\node_modules\[4mjest-circus[24m\build\jestAdapterInit.js:1497:10)
@workops/api:test:     at _callCircusTest (C:\Users\Admin\OneDrive\Desktop\UMS\intern_2026\node_modules\[4m.pnpm[24m\jest-circus@30.3.0\node_modules\[4mjest-circus[24m\build\jestAdapterInit.js:1007:40)
@workops/api:test: [90m    at processTicksAndRejections (node:internal/process/task_queues:105:5)[39m
@workops/api:test:     at _runTest (C:\Users\Admin\OneDrive\Desktop\UMS\intern_2026\node_modules\[4m.pnpm[24m\jest-circus@30.3.0\node_modules\[4mjest-circus[24m\build\jestAdapterInit.js:947:3)
@workops/api:test:     at C:\Users\Admin\OneDrive\Desktop\UMS\intern_2026\node_modules\[4m.pnpm[24m\jest-circus@30.3.0\node_modules\[4mjest-circus[24m\build\jestAdapterInit.js:849:7
@workops/api:test:     at _runTestsForDescribeBlock (C:\Users\Admin\OneDrive\Desktop\UMS\intern_2026\node_modules\[4m.pnpm[24m\jest-circus@30.3.0\node_modules\[4mjest-circus[24m\build\jestAdapterInit.js:862:11)
@workops/api:test:     at _runTestsForDescribeBlock (C:\Users\Admin\OneDrive\Desktop\UMS\intern_2026\node_modules\[4m.pnpm[24m\jest-circus@30.3.0\node_modules\[4mjest-circus[24m\build\jestAdapterInit.js:857:11)
@workops/api:test:     at _runTestsForDescribeBlock (C:\Users\Admin\OneDrive\Desktop\UMS\intern_2026\node_modules\[4m.pnpm[24m\jest-circus@30.3.0\node_modules\[4mjest-circus[24m\build\jestAdapterInit.js:857:11)
@workops/api:test:     at run (C:\Users\Admin\OneDrive\Desktop\UMS\intern_2026\node_modules\[4m.pnpm[24m\jest-circus@30.3.0\node_modules\[4mjest-circus[24m\build\jestAdapterInit.js:761:3)
@workops/api:test:     at runAndTransformResultsToJestFormat (C:\Users\Admin\OneDrive\Desktop\UMS\intern_2026\node_modules\[4m.pnpm[24m\jest-circus@30.3.0\node_modules\[4mjest-circus[24m\build\jestAdapterInit.js:1918:21)
@workops/api:test:     at jestAdapter (C:\Users\Admin\OneDrive\Desktop\UMS\intern_2026\node_modules\[4m.pnpm[24m\jest-circus@30.3.0\node_modules\[4mjest-circus[24m\build\runner.js:101:19)
@workops/api:test:     at runTestInternal (C:\Users\Admin\OneDrive\Desktop\UMS\intern_2026\node_modules\[4m.pnpm[24m\jest-runner@30.3.0\node_modules\[4mjest-runner[24m\build\testWorker.js:275:16)
@workops/api:test:     at runTest (C:\Users\Admin\OneDrive\Desktop\UMS\intern_2026\node_modules\[4m.pnpm[24m\jest-runner@30.3.0\node_modules\[4mjest-runner[24m\build\testWorker.js:343:7)
@workops/api:test:     at Object.worker (C:\Users\Admin\OneDrive\Desktop\UMS\intern_2026\node_modules\[4m.pnpm[24m\jest-runner@30.3.0\node_modules\[4mjest-runner[24m\build\testWorker.js:497:12)
@workops/api:test: FAIL src/cron/slack-cron.service.spec.ts (6.725 s)
@workops/api:test:   ΓùÅ SlackCronService ΓÇ║ getKathmanduDateOnly ΓÇ║ should return date only without time
@workops/api:test: 
@workops/api:test:     expect(received).toBe(expected) // Object.is equality
@workops/api:test: 
@workops/api:test:     Expected: 0
@workops/api:test:     Received: 5
@workops/api:test: 
@workops/api:test:     [0m [90m 270 |[39m
@workops/api:test:      [90m 271 |[39m       expect(date)[33m.[39mtoBeInstanceOf([33mDate[39m)[33m;[39m
@workops/api:test:     [31m[1m>[22m[39m[90m 272 |[39m       expect(date[33m.[39mgetHours())[33m.[39mtoBe([35m0[39m)[33m;[39m
@workops/api:test:      [90m     |[39m                               [31m[1m^[22m[39m
@workops/api:test:      [90m 273 |[39m       expect(date[33m.[39mgetMinutes())[33m.[39mtoBe([35m0[39m)[33m;[39m
@workops/api:test:      [90m 274 |[39m       expect(date[33m.[39mgetSeconds())[33m.[39mtoBe([35m0[39m)[33m;[39m
@workops/api:test:      [90m 275 |[39m     })[33m;[39m[0m
@workops/api:test: 
@workops/api:test:       at Object.<anonymous> (cron/slack-cron.service.spec.ts:272:31)
@workops/api:test: 
@workops/api:test: FAIL src/announcements/announcements.service.spec.ts (6.69 s)
@workops/api:test:   ΓùÅ AnnouncementsService ΓÇ║ createAnnouncement ΓÇ║ should notify all users about new announcement
@workops/api:test: 
@workops/api:test:     expect(jest.fn()).toHaveBeenCalledWith(...expected)
@workops/api:test: 
@workops/api:test:     Expected: "ANNOUNCEMENT", StringContaining "Title", "Short content", "/dashboard/announcements"
@workops/api:test:     Received: "ANNOUNCEMENT", "≡ƒôú New Announcement: Test Announcement", "This is a test announcement content", "/dashboard/announcements"
@workops/api:test: 
@workops/api:test:     Number of calls: 1
@workops/api:test: 
@workops/api:test:     [0m [90m 137 |[39m       [36mawait[39m service[33m.[39mcreateAnnouncement(dataWithShortContent[33m,[39m [32m'user-1'[39m)[33m;[39m
@workops/api:test:      [90m 138 |[39m
@workops/api:test:     [31m[1m>[22m[39m[90m 139 |[39m       expect(notificationService[33m.[39mnotifyAllUsers)[33m.[39mtoHaveBeenCalledWith(
@workops/api:test:      [90m     |[39m                                                  [31m[1m^[22m[39m
@workops/api:test:      [90m 140 |[39m         [33mNotificationType[39m[33m.[39m[33mANNOUNCEMENT[39m[33m,[39m
@workops/api:test:      [90m 141 |[39m         expect[33m.[39mstringContaining([32m'Title'[39m)[33m,[39m
@workops/api:test:      [90m 142 |[39m         shortContent[33m,[39m[0m
@workops/api:test: 
@workops/api:test:       at Object.<anonymous> (announcements/announcements.service.spec.ts:139:50)
@workops/api:test: 
@workops/api:test: FAIL src/notification/notification.service.spec.ts (6.661 s)
@workops/api:test:   ΓùÅ NotificationService ΓÇ║ notifyAllAdmins ΓÇ║ should filter out inactive admins
@workops/api:test: 
@workops/api:test:     expect(received).toBe(expected) // Object.is equality
@workops/api:test: 
@workops/api:test:     Expected: 1
@workops/api:test:     Received: 2
@workops/api:test: 
@workops/api:test:     [0m [90m 246 |[39m       )[33m;[39m
@workops/api:test:      [90m 247 |[39m
@workops/api:test:     [31m[1m>[22m[39m[90m 248 |[39m       expect(result[33m.[39mlength)[33m.[39mtoBe([35m1[39m)[33m;[39m
@workops/api:test:      [90m     |[39m                             [31m[1m^[22m[39m
@workops/api:test:      [90m 249 |[39m     })[33m;[39m
@workops/api:test:      [90m 250 |[39m
@workops/api:test:      [90m 251 |[39m     it([32m'should handle error when fetching admins'[39m[33m,[39m [36masync[39m () [33m=>[39m {[0m
@workops/api:test: 
@workops/api:test:       at Object.<anonymous> (notification/notification.service.spec.ts:248:29)
@workops/api:test: 
@workops/api:test:   ΓùÅ NotificationService ΓÇ║ notifyAllUsers ΓÇ║ should only notify active users
@workops/api:test: 
@workops/api:test:     expect(received).toBe(expected) // Object.is equality
@workops/api:test: 
@workops/api:test:     Expected: 1
@workops/api:test:     Received: 2
@workops/api:test: 
@workops/api:test:     [0m [90m 351 |[39m       )[33m;[39m
@workops/api:test:      [90m 352 |[39m
@workops/api:test:     [31m[1m>[22m[39m[90m 353 |[39m       expect(result[33m.[39mlength)[33m.[39mtoBe([35m1[39m)[33m;[39m
@workops/api:test:      [90m     |[39m                             [31m[1m^[22m[39m
@workops/api:test:      [90m 354 |[39m     })[33m;[39m
@workops/api:test:      [90m 355 |[39m
@workops/api:test:      [90m 356 |[39m     it([32m'should handle error when fetching users'[39m[33m,[39m [36masync[39m () [33m=>[39m {[0m
@workops/api:test: 
@workops/api:test:       at Object.<anonymous> (notification/notification.service.spec.ts:353:29)
@workops/api:test: 
@workops/api:test: PASS src/auth/auth.service.spec.ts
@workops/api:test: PASS src/supabase/supabase.service.spec.ts
@workops/api:test: PASS src/request/request.controller.spec.ts (7.535 s)
@workops/api:test: PASS src/user/user.controller.spec.ts
@workops/api:test: PASS src/request/request.service.spec.ts
@workops/api:test: PASS src/auth/auth.controller.spec.ts
@workops/api:test: PASS src/lunch/lunch.controller.spec.ts
@workops/api:test: PASS src/analytics/analytics.controller.spec.ts
@workops/api:test: PASS src/analytics/analytics.service.spec.ts
@workops/api:test: PASS src/prisma/prisma.service.spec.ts
@workops/api:test: PASS src/lunch/lunch.service.spec.ts
@workops/api:test: PASS src/user/user.service.spec.ts
@workops/api:test: PASS src/app.controller.spec.ts
@workops/api:test: 
@workops/api:test: Test Suites: 4 failed, 15 passed, 19 total
@workops/api:test: Tests:       14 failed, 87 passed, 101 total
@workops/api:test: Snapshots:   0 total
@workops/api:test: Time:        10.699 s, estimated 11 s
@workops/api:test: Ran all test suites.
@workops/api:test: ΓÇëELIFECYCLEΓÇë Test failed. See above for more details.
@workops/api:test: ERROR: command finished with error: command 
(C:\Users\Admin\OneDrive\Desktop\UMS\intern_2026\apps\api) 
C:\Users\Admin\AppData\Roaming\npm\pnpm.cmd run test exited (1)
@workops/api#test: command 
(C:\Users\Admin\OneDrive\Desktop\UMS\intern_2026\apps\api) 
C:\Users\Admin\AppData\Roaming\npm\pnpm.cmd run test exited (1)

 Tasks:    0 successful, 1 total
Cached:    0 cached, 1 total
  Time:    14.068s 
Failed:    @workops/api#test

 ERROR  run failed: command  exited (1)
